Archive member included to satisfy reference by file (symbol)

e:/mounriver/mounriver_studio2/resources/app/resources/win32/components/wch/toolchain/risc-v embedded gcc/bin/../lib/gcc/riscv-none-embed/8.2.0/rv32ecxw/ilp32e\libgcc.a(muldi3.o)
                              ./Debug/debug.o (__mulsi3)
e:/mounriver/mounriver_studio2/resources/app/resources/win32/components/wch/toolchain/risc-v embedded gcc/bin/../lib/gcc/riscv-none-embed/8.2.0/rv32ecxw/ilp32e\libgcc.a(div.o)
                              ./User/system_ch32v00x.o (__udivsi3)

Discarded input sections

 .text          0x0000000000000000        0x0 ./middlewire/Timer.o
 .data          0x0000000000000000        0x0 ./middlewire/Timer.o
 .bss           0x0000000000000000        0x0 ./middlewire/Timer.o
 .text          0x0000000000000000        0x0 ./User/ch32v00x_it.o
 .data          0x0000000000000000        0x0 ./User/ch32v00x_it.o
 .bss           0x0000000000000000        0x0 ./User/ch32v00x_it.o
 .text          0x0000000000000000        0x0 ./User/main.o
 .data          0x0000000000000000        0x0 ./User/main.o
 .bss           0x0000000000000000        0x0 ./User/main.o
 .bss.val       0x0000000000000000        0x1 ./User/main.o
 .text          0x0000000000000000        0x0 ./User/system_ch32v00x.o
 .data          0x0000000000000000        0x0 ./User/system_ch32v00x.o
 .bss           0x0000000000000000        0x0 ./User/system_ch32v00x.o
 .text          0x0000000000000000        0x0 ./Startup/startup_ch32v00x.o
 .data          0x0000000000000000        0x0 ./Startup/startup_ch32v00x.o
 .bss           0x0000000000000000        0x0 ./Startup/startup_ch32v00x.o
 .text          0x0000000000000000        0x0 ./Peripheral/src/ch32v00x_adc.o
 .data          0x0000000000000000        0x0 ./Peripheral/src/ch32v00x_adc.o
 .bss           0x0000000000000000        0x0 ./Peripheral/src/ch32v00x_adc.o
 .text.ADC_DeInit
                0x0000000000000000       0x42 ./Peripheral/src/ch32v00x_adc.o
 .text.ADC_StructInit
                0x0000000000000000       0x42 ./Peripheral/src/ch32v00x_adc.o
 .text.ADC_DMACmd
                0x0000000000000000       0x3e ./Peripheral/src/ch32v00x_adc.o
 .text.ADC_ITConfig
                0x0000000000000000       0x58 ./Peripheral/src/ch32v00x_adc.o
 .text.ADC_GetSoftwareStartConvStatus
                0x0000000000000000       0x34 ./Peripheral/src/ch32v00x_adc.o
 .text.ADC_DiscModeChannelCountConfig
                0x0000000000000000       0x5c ./Peripheral/src/ch32v00x_adc.o
 .text.ADC_DiscModeCmd
                0x0000000000000000       0x46 ./Peripheral/src/ch32v00x_adc.o
 .text.ADC_ExternalTrigConvCmd
                0x0000000000000000       0x44 ./Peripheral/src/ch32v00x_adc.o
 .text.ADC_AutoInjectedConvCmd
                0x0000000000000000       0x3e ./Peripheral/src/ch32v00x_adc.o
 .text.ADC_InjectedDiscModeCmd
                0x0000000000000000       0x40 ./Peripheral/src/ch32v00x_adc.o
 .text.ADC_ExternalTrigInjectedConvConfig
                0x0000000000000000       0x4a ./Peripheral/src/ch32v00x_adc.o
 .text.ADC_ExternalTrigInjectedConvCmd
                0x0000000000000000       0x40 ./Peripheral/src/ch32v00x_adc.o
 .text.ADC_SoftwareStartInjectedConvCmd
                0x0000000000000000       0x44 ./Peripheral/src/ch32v00x_adc.o
 .text.ADC_GetSoftwareStartInjectedConvCmdStatus
                0x0000000000000000       0x34 ./Peripheral/src/ch32v00x_adc.o
 .text.ADC_InjectedChannelConfig
                0x0000000000000000      0x19c ./Peripheral/src/ch32v00x_adc.o
 .text.ADC_InjectedSequencerLengthConfig
                0x0000000000000000       0x5e ./Peripheral/src/ch32v00x_adc.o
 .text.ADC_SetInjectedOffset
                0x0000000000000000       0x46 ./Peripheral/src/ch32v00x_adc.o
 .text.ADC_GetInjectedConversionValue
                0x0000000000000000       0x40 ./Peripheral/src/ch32v00x_adc.o
 .text.ADC_AnalogWatchdogCmd
                0x0000000000000000       0x4e ./Peripheral/src/ch32v00x_adc.o
 .text.ADC_AnalogWatchdogThresholdsConfig
                0x0000000000000000       0x34 ./Peripheral/src/ch32v00x_adc.o
 .text.ADC_AnalogWatchdogSingleChannelConfig
                0x0000000000000000       0x48 ./Peripheral/src/ch32v00x_adc.o
 .text.ADC_ClearFlag
                0x0000000000000000       0x26 ./Peripheral/src/ch32v00x_adc.o
 .text.ADC_GetITStatus
                0x0000000000000000       0x6a ./Peripheral/src/ch32v00x_adc.o
 .text.ADC_ClearITPendingBit
                0x0000000000000000       0x38 ./Peripheral/src/ch32v00x_adc.o
 .text.ADC_Calibration_Vol
                0x0000000000000000       0x3c ./Peripheral/src/ch32v00x_adc.o
 .text.ADC_ExternalTrig_DLY
                0x0000000000000000       0x50 ./Peripheral/src/ch32v00x_adc.o
 .text          0x0000000000000000        0x0 ./Peripheral/src/ch32v00x_dbgmcu.o
 .data          0x0000000000000000        0x0 ./Peripheral/src/ch32v00x_dbgmcu.o
 .bss           0x0000000000000000        0x0 ./Peripheral/src/ch32v00x_dbgmcu.o
 .text.DBGMCU_GetREVID
                0x0000000000000000       0x1a ./Peripheral/src/ch32v00x_dbgmcu.o
 .text.DBGMCU_GetDEVID
                0x0000000000000000       0x1e ./Peripheral/src/ch32v00x_dbgmcu.o
 .text.__get_DEBUG_CR
                0x0000000000000000       0x1a ./Peripheral/src/ch32v00x_dbgmcu.o
 .text.__set_DEBUG_CR
                0x0000000000000000       0x1a ./Peripheral/src/ch32v00x_dbgmcu.o
 .text.DBGMCU_Config
                0x0000000000000000       0x58 ./Peripheral/src/ch32v00x_dbgmcu.o
 .text.DBGMCU_GetCHIPID
                0x0000000000000000       0x18 ./Peripheral/src/ch32v00x_dbgmcu.o
 .debug_info    0x0000000000000000      0xa3b ./Peripheral/src/ch32v00x_dbgmcu.o
 .debug_abbrev  0x0000000000000000      0x276 ./Peripheral/src/ch32v00x_dbgmcu.o
 .debug_aranges
                0x0000000000000000       0x48 ./Peripheral/src/ch32v00x_dbgmcu.o
 .debug_ranges  0x0000000000000000       0x38 ./Peripheral/src/ch32v00x_dbgmcu.o
 .debug_line    0x0000000000000000      0x3dd ./Peripheral/src/ch32v00x_dbgmcu.o
 .debug_str     0x0000000000000000      0x651 ./Peripheral/src/ch32v00x_dbgmcu.o
 .comment       0x0000000000000000       0x34 ./Peripheral/src/ch32v00x_dbgmcu.o
 .debug_frame   0x0000000000000000       0xd4 ./Peripheral/src/ch32v00x_dbgmcu.o
 .text          0x0000000000000000        0x0 ./Peripheral/src/ch32v00x_dma.o
 .data          0x0000000000000000        0x0 ./Peripheral/src/ch32v00x_dma.o
 .bss           0x0000000000000000        0x0 ./Peripheral/src/ch32v00x_dma.o
 .text.DMA_DeInit
                0x0000000000000000      0x136 ./Peripheral/src/ch32v00x_dma.o
 .text.DMA_Init
                0x0000000000000000       0xa8 ./Peripheral/src/ch32v00x_dma.o
 .text.DMA_StructInit
                0x0000000000000000       0x6a ./Peripheral/src/ch32v00x_dma.o
 .text.DMA_Cmd  0x0000000000000000       0x40 ./Peripheral/src/ch32v00x_dma.o
 .text.DMA_ITConfig
                0x0000000000000000       0x4a ./Peripheral/src/ch32v00x_dma.o
 .text.DMA_SetCurrDataCounter
                0x0000000000000000       0x22 ./Peripheral/src/ch32v00x_dma.o
 .text.DMA_GetCurrDataCounter
                0x0000000000000000       0x1c ./Peripheral/src/ch32v00x_dma.o
 .text.DMA_GetFlagStatus
                0x0000000000000000       0x40 ./Peripheral/src/ch32v00x_dma.o
 .text.DMA_ClearFlag
                0x0000000000000000       0x1c ./Peripheral/src/ch32v00x_dma.o
 .text.DMA_GetITStatus
                0x0000000000000000       0x40 ./Peripheral/src/ch32v00x_dma.o
 .text.DMA_ClearITPendingBit
                0x0000000000000000       0x1c ./Peripheral/src/ch32v00x_dma.o
 .debug_info    0x0000000000000000      0xd2c ./Peripheral/src/ch32v00x_dma.o
 .debug_abbrev  0x0000000000000000      0x2b3 ./Peripheral/src/ch32v00x_dma.o
 .debug_aranges
                0x0000000000000000       0x70 ./Peripheral/src/ch32v00x_dma.o
 .debug_ranges  0x0000000000000000       0x60 ./Peripheral/src/ch32v00x_dma.o
 .debug_line    0x0000000000000000      0x743 ./Peripheral/src/ch32v00x_dma.o
 .debug_str     0x0000000000000000      0x7fe ./Peripheral/src/ch32v00x_dma.o
 .comment       0x0000000000000000       0x34 ./Peripheral/src/ch32v00x_dma.o
 .debug_frame   0x0000000000000000      0x174 ./Peripheral/src/ch32v00x_dma.o
 .text          0x0000000000000000        0x0 ./Peripheral/src/ch32v00x_exti.o
 .data          0x0000000000000000        0x0 ./Peripheral/src/ch32v00x_exti.o
 .bss           0x0000000000000000        0x0 ./Peripheral/src/ch32v00x_exti.o
 .text.EXTI_DeInit
                0x0000000000000000       0x4e ./Peripheral/src/ch32v00x_exti.o
 .text.EXTI_Init
                0x0000000000000000      0x170 ./Peripheral/src/ch32v00x_exti.o
 .text.EXTI_StructInit
                0x0000000000000000       0x32 ./Peripheral/src/ch32v00x_exti.o
 .text.EXTI_GenerateSWInterrupt
                0x0000000000000000       0x2c ./Peripheral/src/ch32v00x_exti.o
 .text.EXTI_GetFlagStatus
                0x0000000000000000       0x38 ./Peripheral/src/ch32v00x_exti.o
 .text.EXTI_ClearFlag
                0x0000000000000000       0x20 ./Peripheral/src/ch32v00x_exti.o
 .text.EXTI_GetITStatus
                0x0000000000000000       0x56 ./Peripheral/src/ch32v00x_exti.o
 .text.EXTI_ClearITPendingBit
                0x0000000000000000       0x20 ./Peripheral/src/ch32v00x_exti.o
 .debug_info    0x0000000000000000      0xc05 ./Peripheral/src/ch32v00x_exti.o
 .debug_abbrev  0x0000000000000000      0x268 ./Peripheral/src/ch32v00x_exti.o
 .debug_aranges
                0x0000000000000000       0x58 ./Peripheral/src/ch32v00x_exti.o
 .debug_ranges  0x0000000000000000       0x48 ./Peripheral/src/ch32v00x_exti.o
 .debug_line    0x0000000000000000      0x691 ./Peripheral/src/ch32v00x_exti.o
 .debug_str     0x0000000000000000      0x798 ./Peripheral/src/ch32v00x_exti.o
 .comment       0x0000000000000000       0x34 ./Peripheral/src/ch32v00x_exti.o
 .debug_frame   0x0000000000000000      0x114 ./Peripheral/src/ch32v00x_exti.o
 .text          0x0000000000000000        0x0 ./Peripheral/src/ch32v00x_flash.o
 .data          0x0000000000000000        0x0 ./Peripheral/src/ch32v00x_flash.o
 .bss           0x0000000000000000        0x0 ./Peripheral/src/ch32v00x_flash.o
 .text.FLASH_SetLatency
                0x0000000000000000       0x42 ./Peripheral/src/ch32v00x_flash.o
 .text.FLASH_Unlock
                0x0000000000000000       0x2a ./Peripheral/src/ch32v00x_flash.o
 .text.FLASH_Lock
                0x0000000000000000       0x1e ./Peripheral/src/ch32v00x_flash.o
 .text.FLASH_ErasePage
                0x0000000000000000       0x82 ./Peripheral/src/ch32v00x_flash.o
 .text.FLASH_EraseAllPages
                0x0000000000000000       0x74 ./Peripheral/src/ch32v00x_flash.o
 .text.FLASH_EraseOptionBytes
                0x0000000000000000      0x112 ./Peripheral/src/ch32v00x_flash.o
 .text.FLASH_ProgramWord
                0x0000000000000000       0xbc ./Peripheral/src/ch32v00x_flash.o
 .text.FLASH_ProgramHalfWord
                0x0000000000000000       0x74 ./Peripheral/src/ch32v00x_flash.o
 .text.FLASH_ProgramOptionByteData
                0x0000000000000000       0x9e ./Peripheral/src/ch32v00x_flash.o
 .text.FLASH_EnableWriteProtection
                0x0000000000000000      0x110 ./Peripheral/src/ch32v00x_flash.o
 .text.FLASH_ReadOutProtection
                0x0000000000000000      0x116 ./Peripheral/src/ch32v00x_flash.o
 .text.FLASH_UserOptionByteConfig
                0x0000000000000000       0xda ./Peripheral/src/ch32v00x_flash.o
 .text.FLASH_GetUserOptionByte
                0x0000000000000000       0x16 ./Peripheral/src/ch32v00x_flash.o
 .text.FLASH_GetWriteProtectionOptionByte
                0x0000000000000000       0x14 ./Peripheral/src/ch32v00x_flash.o
 .text.FLASH_GetReadOutProtectionStatus
                0x0000000000000000       0x2c ./Peripheral/src/ch32v00x_flash.o
 .text.FLASH_ITConfig
                0x0000000000000000       0x46 ./Peripheral/src/ch32v00x_flash.o
 .text.FLASH_GetFlagStatus
                0x0000000000000000       0x56 ./Peripheral/src/ch32v00x_flash.o
 .text.FLASH_ClearFlag
                0x0000000000000000       0x1c ./Peripheral/src/ch32v00x_flash.o
 .text.FLASH_GetStatus
                0x0000000000000000       0x48 ./Peripheral/src/ch32v00x_flash.o
 .text.FLASH_GetBank1Status
                0x0000000000000000       0x48 ./Peripheral/src/ch32v00x_flash.o
 .text.FLASH_WaitForLastOperation
                0x0000000000000000       0x60 ./Peripheral/src/ch32v00x_flash.o
 .text.FLASH_WaitForLastBank1Operation
                0x0000000000000000       0x60 ./Peripheral/src/ch32v00x_flash.o
 .text.FLASH_Unlock_Fast
                0x0000000000000000       0x46 ./Peripheral/src/ch32v00x_flash.o
 .text.FLASH_Lock_Fast
                0x0000000000000000       0x1e ./Peripheral/src/ch32v00x_flash.o
 .text.FLASH_BufReset
                0x0000000000000000       0x4e ./Peripheral/src/ch32v00x_flash.o
 .text.FLASH_BufLoad
                0x0000000000000000       0x78 ./Peripheral/src/ch32v00x_flash.o
 .text.FLASH_ErasePage_Fast
                0x0000000000000000       0x74 ./Peripheral/src/ch32v00x_flash.o
 .text.FLASH_ProgramPage_Fast
                0x0000000000000000       0x72 ./Peripheral/src/ch32v00x_flash.o
 .text.SystemReset_StartMode
                0x0000000000000000       0x6e ./Peripheral/src/ch32v00x_flash.o
 .text.ROM_ERASE
                0x0000000000000000       0xde ./Peripheral/src/ch32v00x_flash.o
 .text.FLASH_ROM_ERASE
                0x0000000000000000      0x256 ./Peripheral/src/ch32v00x_flash.o
 .text.FLASH_ROM_WRITE
                0x0000000000000000      0x1cc ./Peripheral/src/ch32v00x_flash.o
 .debug_info    0x0000000000000000     0x1211 ./Peripheral/src/ch32v00x_flash.o
 .debug_abbrev  0x0000000000000000      0x36e ./Peripheral/src/ch32v00x_flash.o
 .debug_aranges
                0x0000000000000000      0x118 ./Peripheral/src/ch32v00x_flash.o
 .debug_ranges  0x0000000000000000      0x108 ./Peripheral/src/ch32v00x_flash.o
 .debug_line    0x0000000000000000     0x146d ./Peripheral/src/ch32v00x_flash.o
 .debug_str     0x0000000000000000      0xac0 ./Peripheral/src/ch32v00x_flash.o
 .comment       0x0000000000000000       0x34 ./Peripheral/src/ch32v00x_flash.o
 .debug_frame   0x0000000000000000      0x458 ./Peripheral/src/ch32v00x_flash.o
 .text          0x0000000000000000        0x0 ./Peripheral/src/ch32v00x_gpio.o
 .data          0x0000000000000000        0x0 ./Peripheral/src/ch32v00x_gpio.o
 .bss           0x0000000000000000        0x0 ./Peripheral/src/ch32v00x_gpio.o
 .text.GPIO_DeInit
                0x0000000000000000       0x92 ./Peripheral/src/ch32v00x_gpio.o
 .text.GPIO_AFIODeInit
                0x0000000000000000       0x2a ./Peripheral/src/ch32v00x_gpio.o
 .text.GPIO_StructInit
                0x0000000000000000       0x2a ./Peripheral/src/ch32v00x_gpio.o
 .text.GPIO_ReadInputDataBit
                0x0000000000000000       0x3a ./Peripheral/src/ch32v00x_gpio.o
 .text.GPIO_ReadInputData
                0x0000000000000000       0x1c ./Peripheral/src/ch32v00x_gpio.o
 .text.GPIO_ReadOutputDataBit
                0x0000000000000000       0x3a ./Peripheral/src/ch32v00x_gpio.o
 .text.GPIO_ReadOutputData
                0x0000000000000000       0x1c ./Peripheral/src/ch32v00x_gpio.o
 .text.GPIO_SetBits
                0x0000000000000000       0x22 ./Peripheral/src/ch32v00x_gpio.o
 .text.GPIO_ResetBits
                0x0000000000000000       0x22 ./Peripheral/src/ch32v00x_gpio.o
 .text.GPIO_WriteBit
                0x0000000000000000       0x38 ./Peripheral/src/ch32v00x_gpio.o
 .text.GPIO_Write
                0x0000000000000000       0x22 ./Peripheral/src/ch32v00x_gpio.o
 .text.GPIO_PinLockConfig
                0x0000000000000000       0x5e ./Peripheral/src/ch32v00x_gpio.o
 .text.GPIO_PinRemapConfig
                0x0000000000000000      0x1e6 ./Peripheral/src/ch32v00x_gpio.o
 .text.GPIO_EXTILineConfig
                0x0000000000000000       0x64 ./Peripheral/src/ch32v00x_gpio.o
 .text.GPIO_IPD_Unused
                0x0000000000000000       0xf6 ./Peripheral/src/ch32v00x_gpio.o
 .text          0x0000000000000000        0x0 ./Peripheral/src/ch32v00x_i2c.o
 .data          0x0000000000000000        0x0 ./Peripheral/src/ch32v00x_i2c.o
 .bss           0x0000000000000000        0x0 ./Peripheral/src/ch32v00x_i2c.o
 .text.I2C_DeInit
                0x0000000000000000       0x42 ./Peripheral/src/ch32v00x_i2c.o
 .text.I2C_Init
                0x0000000000000000      0x20c ./Peripheral/src/ch32v00x_i2c.o
 .text.I2C_StructInit
                0x0000000000000000       0x48 ./Peripheral/src/ch32v00x_i2c.o
 .text.I2C_Cmd  0x0000000000000000       0x50 ./Peripheral/src/ch32v00x_i2c.o
 .text.I2C_DMACmd
                0x0000000000000000       0x5e ./Peripheral/src/ch32v00x_i2c.o
 .text.I2C_DMALastTransferCmd
                0x0000000000000000       0x58 ./Peripheral/src/ch32v00x_i2c.o
 .text.I2C_GenerateSTART
                0x0000000000000000       0x52 ./Peripheral/src/ch32v00x_i2c.o
 .text.I2C_GenerateSTOP
                0x0000000000000000       0x52 ./Peripheral/src/ch32v00x_i2c.o
 .text.I2C_AcknowledgeConfig
                0x0000000000000000       0x52 ./Peripheral/src/ch32v00x_i2c.o
 .text.I2C_OwnAddress2Config
                0x0000000000000000       0x5c ./Peripheral/src/ch32v00x_i2c.o
 .text.I2C_DualAddressCmd
                0x0000000000000000       0x50 ./Peripheral/src/ch32v00x_i2c.o
 .text.I2C_GeneralCallCmd
                0x0000000000000000       0x52 ./Peripheral/src/ch32v00x_i2c.o
 .text.I2C_ITConfig
                0x0000000000000000       0x68 ./Peripheral/src/ch32v00x_i2c.o
 .text.I2C_SendData
                0x0000000000000000       0x28 ./Peripheral/src/ch32v00x_i2c.o
 .text.I2C_ReceiveData
                0x0000000000000000       0x20 ./Peripheral/src/ch32v00x_i2c.o
 .text.I2C_Send7bitAddress
                0x0000000000000000       0x4e ./Peripheral/src/ch32v00x_i2c.o
 .text.I2C_ReadRegister
                0x0000000000000000       0x3c ./Peripheral/src/ch32v00x_i2c.o
 .text.I2C_SoftwareResetCmd
                0x0000000000000000       0x58 ./Peripheral/src/ch32v00x_i2c.o
 .text.I2C_NACKPositionConfig
                0x0000000000000000       0x64 ./Peripheral/src/ch32v00x_i2c.o
 .text.I2C_TransmitPEC
                0x0000000000000000       0x58 ./Peripheral/src/ch32v00x_i2c.o
 .text.I2C_PECPositionConfig
                0x0000000000000000       0x64 ./Peripheral/src/ch32v00x_i2c.o
 .text.I2C_CalculatePEC
                0x0000000000000000       0x52 ./Peripheral/src/ch32v00x_i2c.o
 .text.I2C_GetPEC
                0x0000000000000000       0x26 ./Peripheral/src/ch32v00x_i2c.o
 .text.I2C_ARPCmd
                0x0000000000000000       0x50 ./Peripheral/src/ch32v00x_i2c.o
 .text.I2C_StretchClockCmd
                0x0000000000000000       0x52 ./Peripheral/src/ch32v00x_i2c.o
 .text.I2C_FastModeDutyCycleConfig
                0x0000000000000000       0x5e ./Peripheral/src/ch32v00x_i2c.o
 .text.I2C_CheckEvent
                0x0000000000000000       0x84 ./Peripheral/src/ch32v00x_i2c.o
 .text.I2C_GetLastEvent
                0x0000000000000000       0x5e ./Peripheral/src/ch32v00x_i2c.o
 .text.I2C_GetFlagStatus
                0x0000000000000000       0x88 ./Peripheral/src/ch32v00x_i2c.o
 .text.I2C_ClearFlag
                0x0000000000000000       0x42 ./Peripheral/src/ch32v00x_i2c.o
 .text.I2C_GetITStatus
                0x0000000000000000       0x72 ./Peripheral/src/ch32v00x_i2c.o
 .text.I2C_ClearITPendingBit
                0x0000000000000000       0x42 ./Peripheral/src/ch32v00x_i2c.o
 .debug_info    0x0000000000000000     0x13cc ./Peripheral/src/ch32v00x_i2c.o
 .debug_abbrev  0x0000000000000000      0x2c2 ./Peripheral/src/ch32v00x_i2c.o
 .debug_aranges
                0x0000000000000000      0x118 ./Peripheral/src/ch32v00x_i2c.o
 .debug_ranges  0x0000000000000000      0x108 ./Peripheral/src/ch32v00x_i2c.o
 .debug_line    0x0000000000000000      0xd43 ./Peripheral/src/ch32v00x_i2c.o
 .debug_str     0x0000000000000000      0xa94 ./Peripheral/src/ch32v00x_i2c.o
 .comment       0x0000000000000000       0x34 ./Peripheral/src/ch32v00x_i2c.o
 .debug_frame   0x0000000000000000      0x41c ./Peripheral/src/ch32v00x_i2c.o
 .text          0x0000000000000000        0x0 ./Peripheral/src/ch32v00x_iwdg.o
 .data          0x0000000000000000        0x0 ./Peripheral/src/ch32v00x_iwdg.o
 .bss           0x0000000000000000        0x0 ./Peripheral/src/ch32v00x_iwdg.o
 .text.IWDG_WriteAccessCmd
                0x0000000000000000       0x1e ./Peripheral/src/ch32v00x_iwdg.o
 .text.IWDG_SetPrescaler
                0x0000000000000000       0x1e ./Peripheral/src/ch32v00x_iwdg.o
 .text.IWDG_SetReload
                0x0000000000000000       0x1e ./Peripheral/src/ch32v00x_iwdg.o
 .text.IWDG_ReloadCounter
                0x0000000000000000       0x1a ./Peripheral/src/ch32v00x_iwdg.o
 .text.IWDG_Enable
                0x0000000000000000       0x26 ./Peripheral/src/ch32v00x_iwdg.o
 .text.IWDG_GetFlagStatus
                0x0000000000000000       0x36 ./Peripheral/src/ch32v00x_iwdg.o
 .debug_info    0x0000000000000000      0xb47 ./Peripheral/src/ch32v00x_iwdg.o
 .debug_abbrev  0x0000000000000000      0x271 ./Peripheral/src/ch32v00x_iwdg.o
 .debug_aranges
                0x0000000000000000       0x48 ./Peripheral/src/ch32v00x_iwdg.o
 .debug_ranges  0x0000000000000000       0x38 ./Peripheral/src/ch32v00x_iwdg.o
 .debug_line    0x0000000000000000      0x464 ./Peripheral/src/ch32v00x_iwdg.o
 .debug_str     0x0000000000000000      0x704 ./Peripheral/src/ch32v00x_iwdg.o
 .comment       0x0000000000000000       0x34 ./Peripheral/src/ch32v00x_iwdg.o
 .debug_frame   0x0000000000000000       0xd0 ./Peripheral/src/ch32v00x_iwdg.o
 .text          0x0000000000000000        0x0 ./Peripheral/src/ch32v00x_misc.o
 .data          0x0000000000000000        0x0 ./Peripheral/src/ch32v00x_misc.o
 .bss           0x0000000000000000        0x0 ./Peripheral/src/ch32v00x_misc.o
 .text          0x0000000000000000        0x0 ./Peripheral/src/ch32v00x_opa.o
 .data          0x0000000000000000        0x0 ./Peripheral/src/ch32v00x_opa.o
 .bss           0x0000000000000000        0x0 ./Peripheral/src/ch32v00x_opa.o
 .text.OPA_DeInit
                0x0000000000000000       0x2a ./Peripheral/src/ch32v00x_opa.o
 .text.OPA_StructInit
                0x0000000000000000       0x22 ./Peripheral/src/ch32v00x_opa.o
 .text          0x0000000000000000        0x0 ./Peripheral/src/ch32v00x_pwr.o
 .data          0x0000000000000000        0x0 ./Peripheral/src/ch32v00x_pwr.o
 .bss           0x0000000000000000        0x0 ./Peripheral/src/ch32v00x_pwr.o
 .text.PWR_DeInit
                0x0000000000000000       0x2e ./Peripheral/src/ch32v00x_pwr.o
 .text.PWR_PVDCmd
                0x0000000000000000       0x38 ./Peripheral/src/ch32v00x_pwr.o
 .text.PWR_PVDLevelConfig
                0x0000000000000000       0x44 ./Peripheral/src/ch32v00x_pwr.o
 .text.PWR_AutoWakeUpCmd
                0x0000000000000000       0x38 ./Peripheral/src/ch32v00x_pwr.o
 .text.PWR_AWU_SetPrescaler
                0x0000000000000000       0x3a ./Peripheral/src/ch32v00x_pwr.o
 .text.PWR_AWU_SetWindowValue
                0x0000000000000000       0x3e ./Peripheral/src/ch32v00x_pwr.o
 .text.PWR_EnterSTANDBYMode
                0x0000000000000000      0x32e ./Peripheral/src/ch32v00x_pwr.o
 .text.PWR_GetFlagStatus
                0x0000000000000000       0x34 ./Peripheral/src/ch32v00x_pwr.o
 .debug_info    0x0000000000000000      0xf46 ./Peripheral/src/ch32v00x_pwr.o
 .debug_abbrev  0x0000000000000000      0x338 ./Peripheral/src/ch32v00x_pwr.o
 .debug_aranges
                0x0000000000000000       0x58 ./Peripheral/src/ch32v00x_pwr.o
 .debug_ranges  0x0000000000000000       0x48 ./Peripheral/src/ch32v00x_pwr.o
 .debug_line    0x0000000000000000      0x73f ./Peripheral/src/ch32v00x_pwr.o
 .debug_str     0x0000000000000000      0x7f3 ./Peripheral/src/ch32v00x_pwr.o
 .comment       0x0000000000000000       0x34 ./Peripheral/src/ch32v00x_pwr.o
 .debug_frame   0x0000000000000000      0x11c ./Peripheral/src/ch32v00x_pwr.o
 .text          0x0000000000000000        0x0 ./Peripheral/src/ch32v00x_rcc.o
 .data          0x0000000000000000        0x0 ./Peripheral/src/ch32v00x_rcc.o
 .bss           0x0000000000000000        0x0 ./Peripheral/src/ch32v00x_rcc.o
 .text.RCC_DeInit
                0x0000000000000000       0x82 ./Peripheral/src/ch32v00x_rcc.o
 .text.RCC_HSEConfig
                0x0000000000000000       0x76 ./Peripheral/src/ch32v00x_rcc.o
 .text.RCC_WaitForHSEStartUp
                0x0000000000000000       0x68 ./Peripheral/src/ch32v00x_rcc.o
 .text.RCC_HSICmd
                0x0000000000000000       0x38 ./Peripheral/src/ch32v00x_rcc.o
 .text.RCC_PLLConfig
                0x0000000000000000       0x46 ./Peripheral/src/ch32v00x_rcc.o
 .text.RCC_PLLCmd
                0x0000000000000000       0x40 ./Peripheral/src/ch32v00x_rcc.o
 .text.RCC_SYSCLKConfig
                0x0000000000000000       0x9a ./Peripheral/src/ch32v00x_rcc.o
 .text.RCC_GetSYSCLKSource
                0x0000000000000000       0x1e ./Peripheral/src/ch32v00x_rcc.o
 .text.RCC_HCLKConfig
                0x0000000000000000       0x44 ./Peripheral/src/ch32v00x_rcc.o
 .text.RCC_ITConfig
                0x0000000000000000       0x64 ./Peripheral/src/ch32v00x_rcc.o
 .text.RCC_LSICmd
                0x0000000000000000       0x38 ./Peripheral/src/ch32v00x_rcc.o
 .text.RCC_AHBPeriphClockCmd
                0x0000000000000000       0x46 ./Peripheral/src/ch32v00x_rcc.o
 .text.RCC_APB2PeriphResetCmd
                0x0000000000000000       0x46 ./Peripheral/src/ch32v00x_rcc.o
 .text.RCC_APB1PeriphResetCmd
                0x0000000000000000       0x46 ./Peripheral/src/ch32v00x_rcc.o
 .text.RCC_ClockSecuritySystemCmd
                0x0000000000000000       0x40 ./Peripheral/src/ch32v00x_rcc.o
 .text.RCC_MCOConfig
                0x0000000000000000       0x20 ./Peripheral/src/ch32v00x_rcc.o
 .text.RCC_GetFlagStatus
                0x0000000000000000       0x78 ./Peripheral/src/ch32v00x_rcc.o
 .text.RCC_ClearFlag
                0x0000000000000000       0x20 ./Peripheral/src/ch32v00x_rcc.o
 .text.RCC_GetITStatus
                0x0000000000000000       0x36 ./Peripheral/src/ch32v00x_rcc.o
 .text.RCC_ClearITPendingBit
                0x0000000000000000       0x20 ./Peripheral/src/ch32v00x_rcc.o
 .text          0x0000000000000000        0x0 ./Peripheral/src/ch32v00x_spi.o
 .data          0x0000000000000000        0x0 ./Peripheral/src/ch32v00x_spi.o
 .bss           0x0000000000000000        0x0 ./Peripheral/src/ch32v00x_spi.o
 .text.SPI_I2S_DeInit
                0x0000000000000000       0x3a ./Peripheral/src/ch32v00x_spi.o
 .text.SPI_Init
                0x0000000000000000       0xbc ./Peripheral/src/ch32v00x_spi.o
 .text.SPI_StructInit
                0x0000000000000000       0x52 ./Peripheral/src/ch32v00x_spi.o
 .text.SPI_Cmd  0x0000000000000000       0x52 ./Peripheral/src/ch32v00x_spi.o
 .text.SPI_I2S_ITConfig
                0x0000000000000000       0x8c ./Peripheral/src/ch32v00x_spi.o
 .text.SPI_I2S_DMACmd
                0x0000000000000000       0x68 ./Peripheral/src/ch32v00x_spi.o
 .text.SPI_I2S_SendData
                0x0000000000000000       0x22 ./Peripheral/src/ch32v00x_spi.o
 .text.SPI_I2S_ReceiveData
                0x0000000000000000       0x1c ./Peripheral/src/ch32v00x_spi.o
 .text.SPI_NSSInternalSoftwareConfig
                0x0000000000000000       0x5c ./Peripheral/src/ch32v00x_spi.o
 .text.SPI_SSOutputCmd
                0x0000000000000000       0x50 ./Peripheral/src/ch32v00x_spi.o
 .text.SPI_DataSizeConfig
                0x0000000000000000       0x56 ./Peripheral/src/ch32v00x_spi.o
 .text.SPI_TransmitCRC
                0x0000000000000000       0x2e ./Peripheral/src/ch32v00x_spi.o
 .text.SPI_CalculateCRC
                0x0000000000000000       0x58 ./Peripheral/src/ch32v00x_spi.o
 .text.SPI_GetCRC
                0x0000000000000000       0x40 ./Peripheral/src/ch32v00x_spi.o
 .text.SPI_GetCRCPolynomial
                0x0000000000000000       0x1c ./Peripheral/src/ch32v00x_spi.o
 .text.SPI_BiDirectionalLineConfig
                0x0000000000000000       0x5e ./Peripheral/src/ch32v00x_spi.o
 .text.SPI_I2S_GetFlagStatus
                0x0000000000000000       0x44 ./Peripheral/src/ch32v00x_spi.o
 .text.SPI_I2S_ClearFlag
                0x0000000000000000       0x2c ./Peripheral/src/ch32v00x_spi.o
 .text.SPI_I2S_GetITStatus
                0x0000000000000000       0x98 ./Peripheral/src/ch32v00x_spi.o
 .text.SPI_I2S_ClearITPendingBit
                0x0000000000000000       0x40 ./Peripheral/src/ch32v00x_spi.o
 .debug_info    0x0000000000000000     0x102e ./Peripheral/src/ch32v00x_spi.o
 .debug_abbrev  0x0000000000000000      0x2b3 ./Peripheral/src/ch32v00x_spi.o
 .debug_aranges
                0x0000000000000000       0xb8 ./Peripheral/src/ch32v00x_spi.o
 .debug_ranges  0x0000000000000000       0xa8 ./Peripheral/src/ch32v00x_spi.o
 .debug_line    0x0000000000000000      0x8d2 ./Peripheral/src/ch32v00x_spi.o
 .debug_str     0x0000000000000000      0x92d ./Peripheral/src/ch32v00x_spi.o
 .comment       0x0000000000000000       0x34 ./Peripheral/src/ch32v00x_spi.o
 .debug_frame   0x0000000000000000      0x294 ./Peripheral/src/ch32v00x_spi.o
 .text          0x0000000000000000        0x0 ./Peripheral/src/ch32v00x_tim.o
 .data          0x0000000000000000        0x0 ./Peripheral/src/ch32v00x_tim.o
 .bss           0x0000000000000000        0x0 ./Peripheral/src/ch32v00x_tim.o
 .text.TIM_DeInit
                0x0000000000000000       0x6c ./Peripheral/src/ch32v00x_tim.o
 .text.TIM_OC1Init
                0x0000000000000000      0x150 ./Peripheral/src/ch32v00x_tim.o
 .text.TIM_OC2Init
                0x0000000000000000      0x196 ./Peripheral/src/ch32v00x_tim.o
 .text.TIM_OC3Init
                0x0000000000000000      0x190 ./Peripheral/src/ch32v00x_tim.o
 .text.TIM_OC4Init
                0x0000000000000000      0x130 ./Peripheral/src/ch32v00x_tim.o
 .text.TIM_ICInit
                0x0000000000000000      0x118 ./Peripheral/src/ch32v00x_tim.o
 .text.TIM_PWMIConfig
                0x0000000000000000      0x12c ./Peripheral/src/ch32v00x_tim.o
 .text.TIM_BDTRConfig
                0x0000000000000000       0x78 ./Peripheral/src/ch32v00x_tim.o
 .text.TIM_TimeBaseStructInit
                0x0000000000000000       0x3a ./Peripheral/src/ch32v00x_tim.o
 .text.TIM_OCStructInit
                0x0000000000000000       0x52 ./Peripheral/src/ch32v00x_tim.o
 .text.TIM_ICStructInit
                0x0000000000000000       0x3a ./Peripheral/src/ch32v00x_tim.o
 .text.TIM_BDTRStructInit
                0x0000000000000000       0x4a ./Peripheral/src/ch32v00x_tim.o
 .text.TIM_CtrlPWMOutputs
                0x0000000000000000       0x60 ./Peripheral/src/ch32v00x_tim.o
 .text.TIM_GenerateEvent
                0x0000000000000000       0x22 ./Peripheral/src/ch32v00x_tim.o
 .text.TIM_DMAConfig
                0x0000000000000000       0x38 ./Peripheral/src/ch32v00x_tim.o
 .text.TIM_DMACmd
                0x0000000000000000       0x68 ./Peripheral/src/ch32v00x_tim.o
 .text.TIM_InternalClockConfig
                0x0000000000000000       0x2a ./Peripheral/src/ch32v00x_tim.o
 .text.TIM_ITRxExternalClockConfig
                0x0000000000000000       0x48 ./Peripheral/src/ch32v00x_tim.o
 .text.TIM_TIxExternalClockConfig
                0x0000000000000000       0x98 ./Peripheral/src/ch32v00x_tim.o
 .text.TIM_ETRClockMode1Config
                0x0000000000000000       0x8c ./Peripheral/src/ch32v00x_tim.o
 .text.TIM_ETRClockMode2Config
                0x0000000000000000       0x62 ./Peripheral/src/ch32v00x_tim.o
 .text.TIM_ETRConfig
                0x0000000000000000       0x78 ./Peripheral/src/ch32v00x_tim.o
 .text.TIM_PrescalerConfig
                0x0000000000000000       0x34 ./Peripheral/src/ch32v00x_tim.o
 .text.TIM_CounterModeConfig
                0x0000000000000000       0x4a ./Peripheral/src/ch32v00x_tim.o
 .text.TIM_SelectInputTrigger
                0x0000000000000000       0x4a ./Peripheral/src/ch32v00x_tim.o
 .text.TIM_EncoderInterfaceConfig
                0x0000000000000000       0xcc ./Peripheral/src/ch32v00x_tim.o
 .text.TIM_ForcedOC1Config
                0x0000000000000000       0x4a ./Peripheral/src/ch32v00x_tim.o
 .text.TIM_ForcedOC2Config
                0x0000000000000000       0x54 ./Peripheral/src/ch32v00x_tim.o
 .text.TIM_ForcedOC3Config
                0x0000000000000000       0x4a ./Peripheral/src/ch32v00x_tim.o
 .text.TIM_ForcedOC4Config
                0x0000000000000000       0x54 ./Peripheral/src/ch32v00x_tim.o
 .text.TIM_ARRPreloadConfig
                0x0000000000000000       0x52 ./Peripheral/src/ch32v00x_tim.o
 .text.TIM_SelectCOM
                0x0000000000000000       0x50 ./Peripheral/src/ch32v00x_tim.o
 .text.TIM_SelectCCDMA
                0x0000000000000000       0x50 ./Peripheral/src/ch32v00x_tim.o
 .text.TIM_CCPreloadControl
                0x0000000000000000       0x50 ./Peripheral/src/ch32v00x_tim.o
 .text.TIM_OC1PreloadConfig
                0x0000000000000000       0x48 ./Peripheral/src/ch32v00x_tim.o
 .text.TIM_OC2PreloadConfig
                0x0000000000000000       0x56 ./Peripheral/src/ch32v00x_tim.o
 .text.TIM_OC3PreloadConfig
                0x0000000000000000       0x48 ./Peripheral/src/ch32v00x_tim.o
 .text.TIM_OC4PreloadConfig
                0x0000000000000000       0x56 ./Peripheral/src/ch32v00x_tim.o
 .text.TIM_OC1FastConfig
                0x0000000000000000       0x48 ./Peripheral/src/ch32v00x_tim.o
 .text.TIM_OC2FastConfig
                0x0000000000000000       0x52 ./Peripheral/src/ch32v00x_tim.o
 .text.TIM_OC3FastConfig
                0x0000000000000000       0x48 ./Peripheral/src/ch32v00x_tim.o
 .text.TIM_OC4FastConfig
                0x0000000000000000       0x52 ./Peripheral/src/ch32v00x_tim.o
 .text.TIM_ClearOC1Ref
                0x0000000000000000       0x4a ./Peripheral/src/ch32v00x_tim.o
 .text.TIM_ClearOC2Ref
                0x0000000000000000       0x54 ./Peripheral/src/ch32v00x_tim.o
 .text.TIM_ClearOC3Ref
                0x0000000000000000       0x4a ./Peripheral/src/ch32v00x_tim.o
 .text.TIM_ClearOC4Ref
                0x0000000000000000       0x54 ./Peripheral/src/ch32v00x_tim.o
 .text.TIM_OC1PolarityConfig
                0x0000000000000000       0x48 ./Peripheral/src/ch32v00x_tim.o
 .text.TIM_OC1NPolarityConfig
                0x0000000000000000       0x48 ./Peripheral/src/ch32v00x_tim.o
 .text.TIM_OC2PolarityConfig
                0x0000000000000000       0x52 ./Peripheral/src/ch32v00x_tim.o
 .text.TIM_OC2NPolarityConfig
                0x0000000000000000       0x52 ./Peripheral/src/ch32v00x_tim.o
 .text.TIM_OC3PolarityConfig
                0x0000000000000000       0x52 ./Peripheral/src/ch32v00x_tim.o
 .text.TIM_OC3NPolarityConfig
                0x0000000000000000       0x56 ./Peripheral/src/ch32v00x_tim.o
 .text.TIM_OC4PolarityConfig
                0x0000000000000000       0x54 ./Peripheral/src/ch32v00x_tim.o
 .text.TIM_CCxCmd
                0x0000000000000000       0x82 ./Peripheral/src/ch32v00x_tim.o
 .text.TIM_CCxNCmd
                0x0000000000000000       0x82 ./Peripheral/src/ch32v00x_tim.o
 .text.TIM_SelectOCxM
                0x0000000000000000      0x100 ./Peripheral/src/ch32v00x_tim.o
 .text.TIM_UpdateDisableConfig
                0x0000000000000000       0x50 ./Peripheral/src/ch32v00x_tim.o
 .text.TIM_UpdateRequestConfig
                0x0000000000000000       0x52 ./Peripheral/src/ch32v00x_tim.o
 .text.TIM_SelectHallSensor
                0x0000000000000000       0x52 ./Peripheral/src/ch32v00x_tim.o
 .text.TIM_SelectOnePulseMode
                0x0000000000000000       0x4e ./Peripheral/src/ch32v00x_tim.o
 .text.TIM_SelectOutputTrigger
                0x0000000000000000       0x50 ./Peripheral/src/ch32v00x_tim.o
 .text.TIM_SelectSlaveMode
                0x0000000000000000       0x4e ./Peripheral/src/ch32v00x_tim.o
 .text.TIM_SelectMasterSlaveMode
                0x0000000000000000       0x50 ./Peripheral/src/ch32v00x_tim.o
 .text.TIM_SetCompare1
                0x0000000000000000       0x22 ./Peripheral/src/ch32v00x_tim.o
 .text.TIM_SetCompare2
                0x0000000000000000       0x22 ./Peripheral/src/ch32v00x_tim.o
 .text.TIM_SetCompare3
                0x0000000000000000       0x22 ./Peripheral/src/ch32v00x_tim.o
 .text.TIM_SetCompare4
                0x0000000000000000       0x22 ./Peripheral/src/ch32v00x_tim.o
 .text.TIM_SetIC1Prescaler
                0x0000000000000000       0x4e ./Peripheral/src/ch32v00x_tim.o
 .text.TIM_SetIC2Prescaler
                0x0000000000000000       0x5c ./Peripheral/src/ch32v00x_tim.o
 .text.TIM_SetIC3Prescaler
                0x0000000000000000       0x4e ./Peripheral/src/ch32v00x_tim.o
 .text.TIM_SetIC4Prescaler
                0x0000000000000000       0x5c ./Peripheral/src/ch32v00x_tim.o
 .text.TIM_SetClockDivision
                0x0000000000000000       0x50 ./Peripheral/src/ch32v00x_tim.o
 .text.TIM_GetCapture1
                0x0000000000000000       0x1c ./Peripheral/src/ch32v00x_tim.o
 .text.TIM_GetCapture2
                0x0000000000000000       0x1c ./Peripheral/src/ch32v00x_tim.o
 .text.TIM_GetCapture3
                0x0000000000000000       0x1c ./Peripheral/src/ch32v00x_tim.o
 .text.TIM_GetCapture4
                0x0000000000000000       0x1c ./Peripheral/src/ch32v00x_tim.o
 .text.TIM_GetCounter
                0x0000000000000000       0x1c ./Peripheral/src/ch32v00x_tim.o
 .text.TIM_GetPrescaler
                0x0000000000000000       0x1c ./Peripheral/src/ch32v00x_tim.o
 .text.TIM_GetFlagStatus
                0x0000000000000000       0x44 ./Peripheral/src/ch32v00x_tim.o
 .text.TIM_ClearFlag
                0x0000000000000000       0x2c ./Peripheral/src/ch32v00x_tim.o
 .text.TI1_Config
                0x0000000000000000      0x118 ./Peripheral/src/ch32v00x_tim.o
 .text.TI2_Config
                0x0000000000000000      0x13a ./Peripheral/src/ch32v00x_tim.o
 .text.TI3_Config
                0x0000000000000000      0x130 ./Peripheral/src/ch32v00x_tim.o
 .text.TI4_Config
                0x0000000000000000      0x146 ./Peripheral/src/ch32v00x_tim.o
 .text.TIM_IndicateCaptureLevelCmd
                0x0000000000000000       0x58 ./Peripheral/src/ch32v00x_tim.o
 .text          0x0000000000000000        0x0 ./Peripheral/src/ch32v00x_usart.o
 .data          0x0000000000000000        0x0 ./Peripheral/src/ch32v00x_usart.o
 .bss           0x0000000000000000        0x0 ./Peripheral/src/ch32v00x_usart.o
 .text.USART_DeInit
                0x0000000000000000       0x3e ./Peripheral/src/ch32v00x_usart.o
 .text.USART_StructInit
                0x0000000000000000       0x46 ./Peripheral/src/ch32v00x_usart.o
 .text.USART_ClockInit
                0x0000000000000000       0x82 ./Peripheral/src/ch32v00x_usart.o
 .text.USART_ClockStructInit
                0x0000000000000000       0x32 ./Peripheral/src/ch32v00x_usart.o
 .text.USART_DMACmd
                0x0000000000000000       0x68 ./Peripheral/src/ch32v00x_usart.o
 .text.USART_SetAddress
                0x0000000000000000       0x52 ./Peripheral/src/ch32v00x_usart.o
 .text.USART_WakeUpConfig
                0x0000000000000000       0x56 ./Peripheral/src/ch32v00x_usart.o
 .text.USART_ReceiverWakeUpCmd
                0x0000000000000000       0x50 ./Peripheral/src/ch32v00x_usart.o
 .text.USART_LINBreakDetectLengthConfig
                0x0000000000000000       0x50 ./Peripheral/src/ch32v00x_usart.o
 .text.USART_LINCmd
                0x0000000000000000       0x58 ./Peripheral/src/ch32v00x_usart.o
 .text.USART_SendBreak
                0x0000000000000000       0x2c ./Peripheral/src/ch32v00x_usart.o
 .text.USART_SetGuardTime
                0x0000000000000000       0x5a ./Peripheral/src/ch32v00x_usart.o
 .text.USART_SetPrescaler
                0x0000000000000000       0x54 ./Peripheral/src/ch32v00x_usart.o
 .text.USART_SmartCardCmd
                0x0000000000000000       0x52 ./Peripheral/src/ch32v00x_usart.o
 .text.USART_SmartCardNACKCmd
                0x0000000000000000       0x50 ./Peripheral/src/ch32v00x_usart.o
 .text.USART_HalfDuplexCmd
                0x0000000000000000       0x50 ./Peripheral/src/ch32v00x_usart.o
 .text.USART_OverSampling8Cmd
                0x0000000000000000       0x58 ./Peripheral/src/ch32v00x_usart.o
 .text.USART_OneBitMethodCmd
                0x0000000000000000       0x5e ./Peripheral/src/ch32v00x_usart.o
 .text.USART_IrDAConfig
                0x0000000000000000       0x4e ./Peripheral/src/ch32v00x_usart.o
 .text.USART_IrDACmd
                0x0000000000000000       0x50 ./Peripheral/src/ch32v00x_usart.o
 .text.USART_ClearFlag
                0x0000000000000000       0x2c ./Peripheral/src/ch32v00x_usart.o
 .text          0x0000000000000000        0x0 ./Peripheral/src/ch32v00x_wwdg.o
 .data          0x0000000000000000        0x0 ./Peripheral/src/ch32v00x_wwdg.o
 .bss           0x0000000000000000        0x0 ./Peripheral/src/ch32v00x_wwdg.o
 .text.WWDG_DeInit
                0x0000000000000000       0x32 ./Peripheral/src/ch32v00x_wwdg.o
 .text.WWDG_SetPrescaler
                0x0000000000000000       0x44 ./Peripheral/src/ch32v00x_wwdg.o
 .text.WWDG_SetWindowValue
                0x0000000000000000       0x4a ./Peripheral/src/ch32v00x_wwdg.o
 .text.WWDG_EnableIT
                0x0000000000000000       0x26 ./Peripheral/src/ch32v00x_wwdg.o
 .text.WWDG_SetCounter
                0x0000000000000000       0x26 ./Peripheral/src/ch32v00x_wwdg.o
 .text.WWDG_Enable
                0x0000000000000000       0x2a ./Peripheral/src/ch32v00x_wwdg.o
 .text.WWDG_GetFlagStatus
                0x0000000000000000       0x18 ./Peripheral/src/ch32v00x_wwdg.o
 .text.WWDG_ClearFlag
                0x0000000000000000       0x1a ./Peripheral/src/ch32v00x_wwdg.o
 .debug_info    0x0000000000000000      0xae1 ./Peripheral/src/ch32v00x_wwdg.o
 .debug_abbrev  0x0000000000000000      0x26f ./Peripheral/src/ch32v00x_wwdg.o
 .debug_aranges
                0x0000000000000000       0x58 ./Peripheral/src/ch32v00x_wwdg.o
 .debug_ranges  0x0000000000000000       0x48 ./Peripheral/src/ch32v00x_wwdg.o
 .debug_line    0x0000000000000000      0x4c4 ./Peripheral/src/ch32v00x_wwdg.o
 .debug_str     0x0000000000000000      0x6a6 ./Peripheral/src/ch32v00x_wwdg.o
 .comment       0x0000000000000000       0x34 ./Peripheral/src/ch32v00x_wwdg.o
 .debug_frame   0x0000000000000000      0x114 ./Peripheral/src/ch32v00x_wwdg.o
 .text          0x0000000000000000        0x0 ./Driver/src/adc.o
 .data          0x0000000000000000        0x0 ./Driver/src/adc.o
 .bss           0x0000000000000000        0x0 ./Driver/src/adc.o
 .text          0x0000000000000000        0x0 ./Debug/debug.o
 .data          0x0000000000000000        0x0 ./Debug/debug.o
 .bss           0x0000000000000000        0x0 ./Debug/debug.o
 .text.Delay_Us
                0x0000000000000000       0x82 ./Debug/debug.o
 .text.SDI_Printf_Enable
                0x0000000000000000       0x30 ./Debug/debug.o
 .text._write   0x0000000000000000       0x8a ./Debug/debug.o
 .data.curbrk.4091
                0x0000000000000000        0x4 ./Debug/debug.o
 .text._sbrk    0x0000000000000000       0x72 ./Debug/debug.o
 .text          0x0000000000000000        0x0 ./Core/core_riscv.o
 .data          0x0000000000000000        0x0 ./Core/core_riscv.o
 .bss           0x0000000000000000        0x0 ./Core/core_riscv.o
 .text.__get_MSTATUS
                0x0000000000000000       0x1a ./Core/core_riscv.o
 .text.__set_MSTATUS
                0x0000000000000000       0x1a ./Core/core_riscv.o
 .text.__get_MISA
                0x0000000000000000       0x1a ./Core/core_riscv.o
 .text.__set_MISA
                0x0000000000000000       0x1a ./Core/core_riscv.o
 .text.__get_MTVEC
                0x0000000000000000       0x1a ./Core/core_riscv.o
 .text.__set_MTVEC
                0x0000000000000000       0x1a ./Core/core_riscv.o
 .text.__get_MSCRATCH
                0x0000000000000000       0x1a ./Core/core_riscv.o
 .text.__set_MSCRATCH
                0x0000000000000000       0x1a ./Core/core_riscv.o
 .text.__get_MEPC
                0x0000000000000000       0x1a ./Core/core_riscv.o
 .text.__set_MEPC
                0x0000000000000000       0x1a ./Core/core_riscv.o
 .text.__get_MCAUSE
                0x0000000000000000       0x1a ./Core/core_riscv.o
 .text.__set_MCAUSE
                0x0000000000000000       0x1a ./Core/core_riscv.o
 .text.__get_MVENDORID
                0x0000000000000000       0x1a ./Core/core_riscv.o
 .text.__get_MARCHID
                0x0000000000000000       0x1a ./Core/core_riscv.o
 .text.__get_MIMPID
                0x0000000000000000       0x1a ./Core/core_riscv.o
 .text.__get_MHARTID
                0x0000000000000000       0x1a ./Core/core_riscv.o
 .text.__get_SP
                0x0000000000000000       0x18 ./Core/core_riscv.o
 .highcode      0x0000000000000000       0x1a ./Core/core_riscv.o
 .debug_info    0x0000000000000000      0x35b ./Core/core_riscv.o
 .debug_abbrev  0x0000000000000000      0x10d ./Core/core_riscv.o
 .debug_aranges
                0x0000000000000000       0xa8 ./Core/core_riscv.o
 .debug_ranges  0x0000000000000000       0x98 ./Core/core_riscv.o
 .debug_line    0x0000000000000000      0x43a ./Core/core_riscv.o
 .debug_str     0x0000000000000000      0x28f ./Core/core_riscv.o
 .comment       0x0000000000000000       0x34 ./Core/core_riscv.o
 .debug_frame   0x0000000000000000      0x250 ./Core/core_riscv.o
 .data          0x0000000000000000        0x0 e:/mounriver/mounriver_studio2/resources/app/resources/win32/components/wch/toolchain/risc-v embedded gcc/bin/../lib/gcc/riscv-none-embed/8.2.0/rv32ecxw/ilp32e\libgcc.a(muldi3.o)
 .bss           0x0000000000000000        0x0 e:/mounriver/mounriver_studio2/resources/app/resources/win32/components/wch/toolchain/risc-v embedded gcc/bin/../lib/gcc/riscv-none-embed/8.2.0/rv32ecxw/ilp32e\libgcc.a(muldi3.o)
 .data          0x0000000000000000        0x0 e:/mounriver/mounriver_studio2/resources/app/resources/win32/components/wch/toolchain/risc-v embedded gcc/bin/../lib/gcc/riscv-none-embed/8.2.0/rv32ecxw/ilp32e\libgcc.a(div.o)
 .bss           0x0000000000000000        0x0 e:/mounriver/mounriver_studio2/resources/app/resources/win32/components/wch/toolchain/risc-v embedded gcc/bin/../lib/gcc/riscv-none-embed/8.2.0/rv32ecxw/ilp32e\libgcc.a(div.o)

Memory Configuration

Name             Origin             Length             Attributes
FLASH            0x0000000000000000 0x0000000000004000 xr
RAM              0x0000000020000000 0x0000000000000800 xrw
*default*        0x0000000000000000 0xffffffffffffffff

Linker script and memory map

LOAD ./middlewire/Timer.o
LOAD ./User/ch32v00x_it.o
LOAD ./User/main.o
LOAD ./User/system_ch32v00x.o
LOAD ./Startup/startup_ch32v00x.o
LOAD ./Peripheral/src/ch32v00x_adc.o
LOAD ./Peripheral/src/ch32v00x_dbgmcu.o
LOAD ./Peripheral/src/ch32v00x_dma.o
LOAD ./Peripheral/src/ch32v00x_exti.o
LOAD ./Peripheral/src/ch32v00x_flash.o
LOAD ./Peripheral/src/ch32v00x_gpio.o
LOAD ./Peripheral/src/ch32v00x_i2c.o
LOAD ./Peripheral/src/ch32v00x_iwdg.o
LOAD ./Peripheral/src/ch32v00x_misc.o
LOAD ./Peripheral/src/ch32v00x_opa.o
LOAD ./Peripheral/src/ch32v00x_pwr.o
LOAD ./Peripheral/src/ch32v00x_rcc.o
LOAD ./Peripheral/src/ch32v00x_spi.o
LOAD ./Peripheral/src/ch32v00x_tim.o
LOAD ./Peripheral/src/ch32v00x_usart.o
LOAD ./Peripheral/src/ch32v00x_wwdg.o
LOAD ./Driver/src/adc.o
LOAD ./Debug/debug.o
LOAD ./Core/core_riscv.o
LOAD e:/mounriver/mounriver_studio2/resources/app/resources/win32/components/wch/toolchain/risc-v embedded gcc/bin/../lib/gcc/riscv-none-embed/8.2.0/../../../../riscv-none-embed/lib/rv32ecxw/ilp32e\libm.a
LOAD e:/mounriver/mounriver_studio2/resources/app/resources/win32/components/wch/toolchain/risc-v embedded gcc/bin/../lib/gcc/riscv-none-embed/8.2.0/../../../../riscv-none-embed/lib/rv32ecxw/ilp32e\libprintf.a
LOAD e:/mounriver/mounriver_studio2/resources/app/resources/win32/components/wch/toolchain/risc-v embedded gcc/bin/../lib/gcc/riscv-none-embed/8.2.0/rv32ecxw/ilp32e\libgcc.a
LOAD e:/mounriver/mounriver_studio2/resources/app/resources/win32/components/wch/toolchain/risc-v embedded gcc/bin/../lib/gcc/riscv-none-embed/8.2.0/../../../../riscv-none-embed/lib/rv32ecxw/ilp32e\libg_nano.a
LOAD e:/mounriver/mounriver_studio2/resources/app/resources/win32/components/wch/toolchain/risc-v embedded gcc/bin/../lib/gcc/riscv-none-embed/8.2.0/../../../../riscv-none-embed/lib/rv32ecxw/ilp32e\libc_nano.a
LOAD e:/mounriver/mounriver_studio2/resources/app/resources/win32/components/wch/toolchain/risc-v embedded gcc/bin/../lib/gcc/riscv-none-embed/8.2.0/rv32ecxw/ilp32e\libgcc.a
START GROUP
LOAD e:/mounriver/mounriver_studio2/resources/app/resources/win32/components/wch/toolchain/risc-v embedded gcc/bin/../lib/gcc/riscv-none-embed/8.2.0/rv32ecxw/ilp32e\libgcc.a
LOAD e:/mounriver/mounriver_studio2/resources/app/resources/win32/components/wch/toolchain/risc-v embedded gcc/bin/../lib/gcc/riscv-none-embed/8.2.0/../../../../riscv-none-embed/lib/rv32ecxw/ilp32e\libc_nano.a
LOAD e:/mounriver/mounriver_studio2/resources/app/resources/win32/components/wch/toolchain/risc-v embedded gcc/bin/../lib/gcc/riscv-none-embed/8.2.0/../../../../riscv-none-embed/lib/rv32ecxw/ilp32e\libnosys.a
END GROUP
START GROUP
LOAD e:/mounriver/mounriver_studio2/resources/app/resources/win32/components/wch/toolchain/risc-v embedded gcc/bin/../lib/gcc/riscv-none-embed/8.2.0/rv32ecxw/ilp32e\libgcc.a
LOAD e:/mounriver/mounriver_studio2/resources/app/resources/win32/components/wch/toolchain/risc-v embedded gcc/bin/../lib/gcc/riscv-none-embed/8.2.0/../../../../riscv-none-embed/lib/rv32ecxw/ilp32e\libc_nano.a
LOAD e:/mounriver/mounriver_studio2/resources/app/resources/win32/components/wch/toolchain/risc-v embedded gcc/bin/../lib/gcc/riscv-none-embed/8.2.0/../../../../riscv-none-embed/lib/rv32ecxw/ilp32e\libnosys.a
END GROUP
                0x0000000000000100                __stack_size = 0x100
                [!provide]                        PROVIDE (_stack_size = __stack_size)

.init           0x0000000000000000       0xa0
                0x0000000000000000                _sinit = .
                0x0000000000000000                . = ALIGN (0x4)
 *(SORT_NONE(.init))
 .init          0x0000000000000000       0x9e ./Startup/startup_ch32v00x.o
                0x0000000000000000                _start
                0x00000000000000a0                . = ALIGN (0x4)
 *fill*         0x000000000000009e        0x2 
                0x00000000000000a0                _einit = .

.highcodelalign
                0x00000000000000a0        0x0
                0x00000000000000a0                . = ALIGN (0x4)
                0x00000000000000a0                PROVIDE (_highcode_lma = .)

.highcode       0x0000000020000000        0x0 load address 0x00000000000000a0
                0x0000000020000000                . = ALIGN (0x4)
                0x0000000020000000                PROVIDE (_highcode_vma_start = .)
 *(.highcode)
 *(.highcode.*)
                0x0000000020000000                . = ALIGN (0x4)
                0x0000000020000000                PROVIDE (_highcode_vma_end = .)

.text           0x00000000000000a0     0x1bcc
                0x00000000000000a0                . = ALIGN (0x4)
 *(.text)
 .text          0x00000000000000a0       0x16 e:/mounriver/mounriver_studio2/resources/app/resources/win32/components/wch/toolchain/risc-v embedded gcc/bin/../lib/gcc/riscv-none-embed/8.2.0/rv32ecxw/ilp32e\libgcc.a(muldi3.o)
                0x00000000000000a0                __mulsi3
 *fill*         0x00000000000000b6        0x2 
 .text          0x00000000000000b8       0x7e e:/mounriver/mounriver_studio2/resources/app/resources/win32/components/wch/toolchain/risc-v embedded gcc/bin/../lib/gcc/riscv-none-embed/8.2.0/rv32ecxw/ilp32e\libgcc.a(div.o)
                0x00000000000000b8                __divsi3
                0x00000000000000c0                __udivsi3
                0x00000000000000ec                __umodsi3
                0x0000000000000110                __modsi3
 *(.text.*)
 .text.Timer_Init
                0x0000000000000136       0x8e ./middlewire/Timer.o
                0x0000000000000136                Timer_Init
 .text.USART1_IRQHandler
                0x00000000000001c4       0x68 ./middlewire/Timer.o
                0x00000000000001c4                USART1_IRQHandler
 .text.NMI_Handler
                0x000000000000022c        0x8 ./User/ch32v00x_it.o
                0x000000000000022c                NMI_Handler
 .text.HardFault_Handler
                0x0000000000000234       0x16 ./User/ch32v00x_it.o
                0x0000000000000234                HardFault_Handler
 .text.TIM2_IRQHandler
                0x000000000000024a       0x36 ./User/ch32v00x_it.o
                0x000000000000024a                TIM2_IRQHandler
 .text.USARTx_CFG
                0x0000000000000280      0x10a ./User/main.o
                0x0000000000000280                USARTx_CFG
 .text.opa_Init
                0x000000000000038a       0x2e ./User/main.o
                0x000000000000038a                opa_Init
 .text.main     0x00000000000003b8       0xa8 ./User/main.o
                0x00000000000003b8                main
 .text.SystemInit
                0x0000000000000460       0x80 ./User/system_ch32v00x.o
                0x0000000000000460                SystemInit
 .text.SystemCoreClockUpdate
                0x00000000000004e0      0x110 ./User/system_ch32v00x.o
                0x00000000000004e0                SystemCoreClockUpdate
 .text.SetSysClock
                0x00000000000005f0       0x60 ./User/system_ch32v00x.o
 .text.SetSysClockTo_48MHZ_HSI
                0x0000000000000650       0xda ./User/system_ch32v00x.o
 .text.vector_handler
                0x000000000000072a        0x2 ./Startup/startup_ch32v00x.o
                0x000000000000072a                TIM1_CC_IRQHandler
                0x000000000000072a                SysTick_Handler
                0x000000000000072a                PVD_IRQHandler
                0x000000000000072a                SPI1_IRQHandler
                0x000000000000072a                AWU_IRQHandler
                0x000000000000072a                EXTI7_0_IRQHandler
                0x000000000000072a                DMA1_Channel4_IRQHandler
                0x000000000000072a                ADC1_IRQHandler
                0x000000000000072a                DMA1_Channel7_IRQHandler
                0x000000000000072a                I2C1_EV_IRQHandler
                0x000000000000072a                DMA1_Channel6_IRQHandler
                0x000000000000072a                RCC_IRQHandler
                0x000000000000072a                TIM1_TRG_COM_IRQHandler
                0x000000000000072a                DMA1_Channel1_IRQHandler
                0x000000000000072a                DMA1_Channel5_IRQHandler
                0x000000000000072a                DMA1_Channel3_IRQHandler
                0x000000000000072a                TIM1_UP_IRQHandler
                0x000000000000072a                WWDG_IRQHandler
                0x000000000000072a                SW_Handler
                0x000000000000072a                TIM1_BRK_IRQHandler
                0x000000000000072a                DMA1_Channel2_IRQHandler
                0x000000000000072a                FLASH_IRQHandler
                0x000000000000072a                I2C1_ER_IRQHandler
 .text.handle_reset
                0x000000000000072c       0xb0 ./Startup/startup_ch32v00x.o
                0x000000000000072c                handle_reset
 .text.ADC_Init
                0x00000000000007dc       0xf0 ./Peripheral/src/ch32v00x_adc.o
                0x00000000000007dc                ADC_Init
 .text.ADC_Cmd  0x00000000000008cc       0x3e ./Peripheral/src/ch32v00x_adc.o
                0x00000000000008cc                ADC_Cmd
 .text.ADC_ResetCalibration
                0x000000000000090a       0x22 ./Peripheral/src/ch32v00x_adc.o
                0x000000000000090a                ADC_ResetCalibration
 .text.ADC_GetResetCalibrationStatus
                0x000000000000092c       0x30 ./Peripheral/src/ch32v00x_adc.o
                0x000000000000092c                ADC_GetResetCalibrationStatus
 .text.ADC_StartCalibration
                0x000000000000095c       0x22 ./Peripheral/src/ch32v00x_adc.o
                0x000000000000095c                ADC_StartCalibration
 .text.ADC_GetCalibrationStatus
                0x000000000000097e       0x30 ./Peripheral/src/ch32v00x_adc.o
                0x000000000000097e                ADC_GetCalibrationStatus
 .text.ADC_SoftwareStartConvCmd
                0x00000000000009ae       0x44 ./Peripheral/src/ch32v00x_adc.o
                0x00000000000009ae                ADC_SoftwareStartConvCmd
 .text.ADC_RegularChannelConfig
                0x00000000000009f2      0x248 ./Peripheral/src/ch32v00x_adc.o
                0x00000000000009f2                ADC_RegularChannelConfig
 .text.ADC_GetConversionValue
                0x0000000000000c3a       0x1c ./Peripheral/src/ch32v00x_adc.o
                0x0000000000000c3a                ADC_GetConversionValue
 .text.ADC_GetFlagStatus
                0x0000000000000c56       0x3a ./Peripheral/src/ch32v00x_adc.o
                0x0000000000000c56                ADC_GetFlagStatus
 .text.GPIO_Init
                0x0000000000000c90      0x13c ./Peripheral/src/ch32v00x_gpio.o
                0x0000000000000c90                GPIO_Init
 .text.NVIC_PriorityGroupConfig
                0x0000000000000dcc       0x1e ./Peripheral/src/ch32v00x_misc.o
                0x0000000000000dcc                NVIC_PriorityGroupConfig
 .text.NVIC_Init
                0x0000000000000dea      0x100 ./Peripheral/src/ch32v00x_misc.o
                0x0000000000000dea                NVIC_Init
 .text.OPA_Init
                0x0000000000000eea       0x60 ./Peripheral/src/ch32v00x_opa.o
                0x0000000000000eea                OPA_Init
 .text.OPA_Cmd  0x0000000000000f4a       0x50 ./Peripheral/src/ch32v00x_opa.o
                0x0000000000000f4a                OPA_Cmd
 .text.RCC_AdjustHSICalibrationValue
                0x0000000000000f9a       0x48 ./Peripheral/src/ch32v00x_rcc.o
                0x0000000000000f9a                RCC_AdjustHSICalibrationValue
 .text.RCC_ADCCLKConfig
                0x0000000000000fe2       0x48 ./Peripheral/src/ch32v00x_rcc.o
                0x0000000000000fe2                RCC_ADCCLKConfig
 .text.RCC_GetClocksFreq
                0x000000000000102a      0x1ba ./Peripheral/src/ch32v00x_rcc.o
                0x000000000000102a                RCC_GetClocksFreq
 .text.RCC_APB2PeriphClockCmd
                0x00000000000011e4       0x46 ./Peripheral/src/ch32v00x_rcc.o
                0x00000000000011e4                RCC_APB2PeriphClockCmd
 .text.RCC_APB1PeriphClockCmd
                0x000000000000122a       0x46 ./Peripheral/src/ch32v00x_rcc.o
                0x000000000000122a                RCC_APB1PeriphClockCmd
 .text.TIM_TimeBaseInit
                0x0000000000001270       0xc4 ./Peripheral/src/ch32v00x_tim.o
                0x0000000000001270                TIM_TimeBaseInit
 .text.TIM_Cmd  0x0000000000001334       0x50 ./Peripheral/src/ch32v00x_tim.o
                0x0000000000001334                TIM_Cmd
 .text.TIM_ITConfig
                0x0000000000001384       0x68 ./Peripheral/src/ch32v00x_tim.o
                0x0000000000001384                TIM_ITConfig
 .text.TIM_SetCounter
                0x00000000000013ec       0x22 ./Peripheral/src/ch32v00x_tim.o
                0x00000000000013ec                TIM_SetCounter
 .text.TIM_SetAutoreload
                0x000000000000140e       0x22 ./Peripheral/src/ch32v00x_tim.o
                0x000000000000140e                TIM_SetAutoreload
 .text.TIM_GetITStatus
                0x0000000000001430       0x6c ./Peripheral/src/ch32v00x_tim.o
                0x0000000000001430                TIM_GetITStatus
 .text.TIM_ClearITPendingBit
                0x000000000000149c       0x2c ./Peripheral/src/ch32v00x_tim.o
                0x000000000000149c                TIM_ClearITPendingBit
 .text.USART_Init
                0x00000000000014c8      0x236 ./Peripheral/src/ch32v00x_usart.o
                0x00000000000014c8                USART_Init
 .text.USART_Cmd
                0x00000000000016fe       0x58 ./Peripheral/src/ch32v00x_usart.o
                0x00000000000016fe                USART_Cmd
 .text.USART_ITConfig
                0x0000000000001756       0xc4 ./Peripheral/src/ch32v00x_usart.o
                0x0000000000001756                USART_ITConfig
 .text.USART_SendData
                0x000000000000181a       0x2c ./Peripheral/src/ch32v00x_usart.o
                0x000000000000181a                USART_SendData
 .text.USART_ReceiveData
                0x0000000000001846       0x24 ./Peripheral/src/ch32v00x_usart.o
                0x0000000000001846                USART_ReceiveData
 .text.USART_GetFlagStatus
                0x000000000000186a       0x44 ./Peripheral/src/ch32v00x_usart.o
                0x000000000000186a                USART_GetFlagStatus
 .text.USART_GetITStatus
                0x00000000000018ae       0xfa ./Peripheral/src/ch32v00x_usart.o
                0x00000000000018ae                USART_GetITStatus
 .text.USART_ClearITPendingBit
                0x00000000000019a8       0x4c ./Peripheral/src/ch32v00x_usart.o
                0x00000000000019a8                USART_ClearITPendingBit
 .text.adc_Init
                0x00000000000019f4       0xda ./Driver/src/adc.o
                0x00000000000019f4                adc_Init
 .text.get_adcValue
                0x0000000000001ace       0x42 ./Driver/src/adc.o
                0x0000000000001ace                get_adcValue
 .text.Delay_Init
                0x0000000000001b10       0x58 ./Debug/debug.o
                0x0000000000001b10                Delay_Init
 .text.Delay_Ms
                0x0000000000001b68       0x7a ./Debug/debug.o
                0x0000000000001b68                Delay_Ms
 .text.USART_Printf_Init
                0x0000000000001be2       0x88 ./Debug/debug.o
                0x0000000000001be2                USART_Printf_Init
 *(.rodata)
 *(.rodata*)
 *(.gnu.linkonce.t.*)
                0x0000000000001c6c                . = ALIGN (0x4)
 *fill*         0x0000000000001c6a        0x2 

.rela.dyn       0x0000000000001c6c        0x0
 .rela.init     0x0000000000001c6c        0x0 ./middlewire/Timer.o
 .rela.text.handle_reset
                0x0000000000001c6c        0x0 ./middlewire/Timer.o

.fini           0x0000000000001c6c        0x0
 *(SORT_NONE(.fini))
                0x0000000000001c6c                . = ALIGN (0x4)
                [!provide]                        PROVIDE (_etext = .)
                [!provide]                        PROVIDE (_eitcm = .)

.preinit_array  0x0000000000001c6c        0x0
                [!provide]                        PROVIDE (__preinit_array_start = .)
 *(.preinit_array)
                [!provide]                        PROVIDE (__preinit_array_end = .)

.init_array     0x0000000000001c6c        0x0
                [!provide]                        PROVIDE (__init_array_start = .)
 *(SORT_BY_INIT_PRIORITY(.init_array.*) SORT_BY_INIT_PRIORITY(.ctors.*))
 *(.init_array EXCLUDE_FILE(*crtend?.o *crtend.o *crtbegin?.o *crtbegin.o) .ctors)
                [!provide]                        PROVIDE (__init_array_end = .)

.fini_array     0x0000000000001c6c        0x0
                [!provide]                        PROVIDE (__fini_array_start = .)
 *(SORT_BY_INIT_PRIORITY(.fini_array.*) SORT_BY_INIT_PRIORITY(.dtors.*))
 *(.fini_array EXCLUDE_FILE(*crtend?.o *crtend.o *crtbegin?.o *crtbegin.o) .dtors)
                [!provide]                        PROVIDE (__fini_array_end = .)

.ctors
 *crtbegin.o(.ctors)
 *crtbegin?.o(.ctors)
 *(EXCLUDE_FILE(*crtend?.o *crtend.o) .ctors)
 *(SORT_BY_NAME(.ctors.*))
 *(.ctors)

.dtors
 *crtbegin.o(.dtors)
 *crtbegin?.o(.dtors)
 *(EXCLUDE_FILE(*crtend?.o *crtend.o) .dtors)
 *(SORT_BY_NAME(.dtors.*))
 *(.dtors)

.dalign         0x0000000020000000        0x0 load address 0x0000000000001c6c
                0x0000000020000000                . = ALIGN (0x4)
                0x0000000020000000                PROVIDE (_data_vma = .)

.dlalign        0x0000000000001c6c        0x0
                0x0000000000001c6c                . = ALIGN (0x4)
                0x0000000000001c6c                PROVIDE (_data_lma = .)

.data           0x0000000020000000       0x38 load address 0x0000000000001c6c
                0x0000000020000000                . = ALIGN (0x4)
 *(.gnu.linkonce.r.*)
 *(.data .data.*)
 .data.SystemCoreClock
                0x0000000020000000        0x4 ./User/system_ch32v00x.o
                0x0000000020000000                SystemCoreClock
 .data.AHBPrescTable
                0x0000000020000004       0x10 ./User/system_ch32v00x.o
                0x0000000020000004                AHBPrescTable
 .data.APBAHBPrescTable
                0x0000000020000014       0x10 ./Peripheral/src/ch32v00x_rcc.o
 .data.ADCPrescTable
                0x0000000020000024       0x14 ./Peripheral/src/ch32v00x_rcc.o
 *(.gnu.linkonce.d.*)
                0x0000000020000038                . = ALIGN (0x8)
                0x0000000020000838                PROVIDE (__global_pointer$ = (. + 0x800))
 *(.sdata .sdata.*)
 *(.sdata2*)
 *(.gnu.linkonce.s.*)
                0x0000000020000038                . = ALIGN (0x8)
 *(.srodata.cst16)
 *(.srodata.cst8)
 *(.srodata.cst4)
 *(.srodata.cst2)
 *(.srodata .srodata.*)
                0x0000000020000038                . = ALIGN (0x4)
                0x0000000020000038                PROVIDE (_edata = .)

.bss            0x0000000020000038        0xc load address 0x0000000000001ca4
                0x0000000020000038                . = ALIGN (0x4)
                0x0000000020000038                PROVIDE (_sbss = .)
 *(.sbss*)
 *(.gnu.linkonce.sb.*)
 *(.bss*)
 .bss.send_flag
                0x0000000020000038        0x1 ./User/main.o
                0x0000000020000038                send_flag
 *fill*         0x0000000020000039        0x3 
 .bss.NVIC_Priority_Group
                0x000000002000003c        0x4 ./Peripheral/src/ch32v00x_misc.o
                0x000000002000003c                NVIC_Priority_Group
 .bss.p_us      0x0000000020000040        0x1 ./Debug/debug.o
 *fill*         0x0000000020000041        0x1 
 .bss.p_ms      0x0000000020000042        0x2 ./Debug/debug.o
 *(.gnu.linkonce.b.*)
 *(COMMON*)
                0x0000000020000044                . = ALIGN (0x4)
                0x0000000020000044                PROVIDE (_ebss = .)
                0x0000000020000044                PROVIDE (_end = _ebss)
                [!provide]                        PROVIDE (end = .)

.stack          0x0000000020000700      0x100
                0x0000000020000700                PROVIDE (_heap_end = .)
                0x0000000020000700                . = ALIGN (0x4)
                [!provide]                        PROVIDE (_susrstack = .)
                0x0000000020000800                . = (. + __stack_size)
 *fill*         0x0000000020000700      0x100 
                0x0000000020000800                PROVIDE (_eusrstack = .)
OUTPUT(MCU_Program.elf elf32-littleriscv)

.debug_info     0x0000000000000000     0xd828
 .debug_info    0x0000000000000000      0xe42 ./middlewire/Timer.o
 .debug_info    0x0000000000000e42      0xe26 ./User/ch32v00x_it.o
 .debug_info    0x0000000000001c68      0xe98 ./User/main.o
 .debug_info    0x0000000000002b00      0xbcc ./User/system_ch32v00x.o
 .debug_info    0x00000000000036cc       0x22 ./Startup/startup_ch32v00x.o
 .debug_info    0x00000000000036ee     0x14dc ./Peripheral/src/ch32v00x_adc.o
 .debug_info    0x0000000000004bca      0xf27 ./Peripheral/src/ch32v00x_gpio.o
 .debug_info    0x0000000000005af1      0xdec ./Peripheral/src/ch32v00x_misc.o
 .debug_info    0x00000000000068dd      0xaa7 ./Peripheral/src/ch32v00x_opa.o
 .debug_info    0x0000000000007384     0x103f ./Peripheral/src/ch32v00x_rcc.o
 .debug_info    0x00000000000083c3     0x268b ./Peripheral/src/ch32v00x_tim.o
 .debug_info    0x000000000000aa4e     0x12fa ./Peripheral/src/ch32v00x_usart.o
 .debug_info    0x000000000000bd48      0xcad ./Driver/src/adc.o
 .debug_info    0x000000000000c9f5      0xe33 ./Debug/debug.o

.debug_abbrev   0x0000000000000000     0x223f
 .debug_abbrev  0x0000000000000000      0x24c ./middlewire/Timer.o
 .debug_abbrev  0x000000000000024c      0x27c ./User/ch32v00x_it.o
 .debug_abbrev  0x00000000000004c8      0x2b9 ./User/main.o
 .debug_abbrev  0x0000000000000781      0x268 ./User/system_ch32v00x.o
 .debug_abbrev  0x00000000000009e9       0x12 ./Startup/startup_ch32v00x.o
 .debug_abbrev  0x00000000000009fb      0x2a6 ./Peripheral/src/ch32v00x_adc.o
 .debug_abbrev  0x0000000000000ca1      0x2e4 ./Peripheral/src/ch32v00x_gpio.o
 .debug_abbrev  0x0000000000000f85      0x2c7 ./Peripheral/src/ch32v00x_misc.o
 .debug_abbrev  0x000000000000124c      0x230 ./Peripheral/src/ch32v00x_opa.o
 .debug_abbrev  0x000000000000147c      0x343 ./Peripheral/src/ch32v00x_rcc.o
 .debug_abbrev  0x00000000000017bf      0x2ed ./Peripheral/src/ch32v00x_tim.o
 .debug_abbrev  0x0000000000001aac      0x2c2 ./Peripheral/src/ch32v00x_usart.o
 .debug_abbrev  0x0000000000001d6e      0x224 ./Driver/src/adc.o
 .debug_abbrev  0x0000000000001f92      0x2ad ./Debug/debug.o

.debug_aranges  0x0000000000000000      0x870
 .debug_aranges
                0x0000000000000000       0x28 ./middlewire/Timer.o
 .debug_aranges
                0x0000000000000028       0x30 ./User/ch32v00x_it.o
 .debug_aranges
                0x0000000000000058       0x30 ./User/main.o
 .debug_aranges
                0x0000000000000088       0x38 ./User/system_ch32v00x.o
 .debug_aranges
                0x00000000000000c0       0x30 ./Startup/startup_ch32v00x.o
 .debug_aranges
                0x00000000000000f0      0x138 ./Peripheral/src/ch32v00x_adc.o
 .debug_aranges
                0x0000000000000228       0x98 ./Peripheral/src/ch32v00x_gpio.o
 .debug_aranges
                0x00000000000002c0       0x28 ./Peripheral/src/ch32v00x_misc.o
 .debug_aranges
                0x00000000000002e8       0x38 ./Peripheral/src/ch32v00x_opa.o
 .debug_aranges
                0x0000000000000320       0xe0 ./Peripheral/src/ch32v00x_rcc.o
 .debug_aranges
                0x0000000000000400      0x2f8 ./Peripheral/src/ch32v00x_tim.o
 .debug_aranges
                0x00000000000006f8      0x100 ./Peripheral/src/ch32v00x_usart.o
 .debug_aranges
                0x00000000000007f8       0x28 ./Driver/src/adc.o
 .debug_aranges
                0x0000000000000820       0x50 ./Debug/debug.o

.debug_ranges   0x0000000000000000      0x798
 .debug_ranges  0x0000000000000000       0x18 ./middlewire/Timer.o
 .debug_ranges  0x0000000000000018       0x20 ./User/ch32v00x_it.o
 .debug_ranges  0x0000000000000038       0x20 ./User/main.o
 .debug_ranges  0x0000000000000058       0x28 ./User/system_ch32v00x.o
 .debug_ranges  0x0000000000000080       0x28 ./Startup/startup_ch32v00x.o
 .debug_ranges  0x00000000000000a8      0x128 ./Peripheral/src/ch32v00x_adc.o
 .debug_ranges  0x00000000000001d0       0x88 ./Peripheral/src/ch32v00x_gpio.o
 .debug_ranges  0x0000000000000258       0x18 ./Peripheral/src/ch32v00x_misc.o
 .debug_ranges  0x0000000000000270       0x28 ./Peripheral/src/ch32v00x_opa.o
 .debug_ranges  0x0000000000000298       0xd0 ./Peripheral/src/ch32v00x_rcc.o
 .debug_ranges  0x0000000000000368      0x2e8 ./Peripheral/src/ch32v00x_tim.o
 .debug_ranges  0x0000000000000650       0xf0 ./Peripheral/src/ch32v00x_usart.o
 .debug_ranges  0x0000000000000740       0x18 ./Driver/src/adc.o
 .debug_ranges  0x0000000000000758       0x40 ./Debug/debug.o

.debug_line     0x0000000000000000     0x7b23
 .debug_line    0x0000000000000000      0x405 ./middlewire/Timer.o
 .debug_line    0x0000000000000405      0x392 ./User/ch32v00x_it.o
 .debug_line    0x0000000000000797      0x545 ./User/main.o
 .debug_line    0x0000000000000cdc      0x532 ./User/system_ch32v00x.o
 .debug_line    0x000000000000120e      0x148 ./Startup/startup_ch32v00x.o
 .debug_line    0x0000000000001356     0x1043 ./Peripheral/src/ch32v00x_adc.o
 .debug_line    0x0000000000002399      0xa43 ./Peripheral/src/ch32v00x_gpio.o
 .debug_line    0x0000000000002ddc      0x499 ./Peripheral/src/ch32v00x_misc.o
 .debug_line    0x0000000000003275      0x420 ./Peripheral/src/ch32v00x_opa.o
 .debug_line    0x0000000000003695      0xc46 ./Peripheral/src/ch32v00x_rcc.o
 .debug_line    0x00000000000042db     0x20bc ./Peripheral/src/ch32v00x_tim.o
 .debug_line    0x0000000000006397      0xd14 ./Peripheral/src/ch32v00x_usart.o
 .debug_line    0x00000000000070ab      0x451 ./Driver/src/adc.o
 .debug_line    0x00000000000074fc      0x627 ./Debug/debug.o

.debug_str      0x0000000000000000     0x27f4
 .debug_str     0x0000000000000000      0x942 ./middlewire/Timer.o
                                        0x9d7 (size before relaxing)
 .debug_str     0x0000000000000942       0xb6 ./User/ch32v00x_it.o
                                        0x7a1 (size before relaxing)
 .debug_str     0x00000000000009f8      0x26c ./User/main.o
                                        0xab6 (size before relaxing)
 .debug_str     0x0000000000000c64       0xe2 ./User/system_ch32v00x.o
                                        0x6e8 (size before relaxing)
 .debug_str     0x0000000000000d46       0x2a ./Startup/startup_ch32v00x.o
                                         0x5f (size before relaxing)
 .debug_str     0x0000000000000d70      0x572 ./Peripheral/src/ch32v00x_adc.o
                                        0xb7e (size before relaxing)
 .debug_str     0x00000000000012e2      0x1e9 ./Peripheral/src/ch32v00x_gpio.o
                                        0x920 (size before relaxing)
 .debug_str     0x00000000000014cb       0xbf ./Peripheral/src/ch32v00x_misc.o
                                        0x916 (size before relaxing)
 .debug_str     0x000000000000158a       0x73 ./Peripheral/src/ch32v00x_opa.o
                                        0x678 (size before relaxing)
 .debug_str     0x00000000000015fd      0x32c ./Peripheral/src/ch32v00x_rcc.o
                                        0x9bc (size before relaxing)
 .debug_str     0x0000000000001929      0xa5b ./Peripheral/src/ch32v00x_tim.o
                                       0x1248 (size before relaxing)
 .debug_str     0x0000000000002384      0x382 ./Peripheral/src/ch32v00x_usart.o
                                        0xae2 (size before relaxing)
 .debug_str     0x0000000000002706       0x4c ./Driver/src/adc.o
                                        0x866 (size before relaxing)
 .debug_str     0x0000000000002752       0xa2 ./Debug/debug.o
                                        0x8b3 (size before relaxing)

.comment        0x0000000000000000       0x33
 .comment       0x0000000000000000       0x33 ./middlewire/Timer.o
                                         0x34 (size before relaxing)
 .comment       0x0000000000000033       0x34 ./User/ch32v00x_it.o
 .comment       0x0000000000000033       0x34 ./User/main.o
 .comment       0x0000000000000033       0x34 ./User/system_ch32v00x.o
 .comment       0x0000000000000033       0x34 ./Peripheral/src/ch32v00x_adc.o
 .comment       0x0000000000000033       0x34 ./Peripheral/src/ch32v00x_gpio.o
 .comment       0x0000000000000033       0x34 ./Peripheral/src/ch32v00x_misc.o
 .comment       0x0000000000000033       0x34 ./Peripheral/src/ch32v00x_opa.o
 .comment       0x0000000000000033       0x34 ./Peripheral/src/ch32v00x_rcc.o
 .comment       0x0000000000000033       0x34 ./Peripheral/src/ch32v00x_tim.o
 .comment       0x0000000000000033       0x34 ./Peripheral/src/ch32v00x_usart.o
 .comment       0x0000000000000033       0x34 ./Driver/src/adc.o
 .comment       0x0000000000000033       0x34 ./Debug/debug.o

.debug_frame    0x0000000000000000     0x1dac
 .debug_frame   0x0000000000000000       0x54 ./middlewire/Timer.o
 .debug_frame   0x0000000000000054       0x68 ./User/ch32v00x_it.o
 .debug_frame   0x00000000000000bc       0x78 ./User/main.o
 .debug_frame   0x0000000000000134       0xa4 ./User/system_ch32v00x.o
 .debug_frame   0x00000000000001d8      0x49c ./Peripheral/src/ch32v00x_adc.o
 .debug_frame   0x0000000000000674      0x224 ./Peripheral/src/ch32v00x_gpio.o
 .debug_frame   0x0000000000000898       0x50 ./Peripheral/src/ch32v00x_misc.o
 .debug_frame   0x00000000000008e8       0x90 ./Peripheral/src/ch32v00x_opa.o
 .debug_frame   0x0000000000000978      0x344 ./Peripheral/src/ch32v00x_rcc.o
 .debug_frame   0x0000000000000cbc      0xbd4 ./Peripheral/src/ch32v00x_tim.o
 .debug_frame   0x0000000000001890      0x3bc ./Peripheral/src/ch32v00x_usart.o
 .debug_frame   0x0000000000001c4c       0x58 ./Driver/src/adc.o
 .debug_frame   0x0000000000001ca4      0x108 ./Debug/debug.o
